Sun Mar 22 23:15:32 MDT 2026
================================================================================
CELL 3 — Shared PCA trajectories (pilot 6q pkl)
================================================================================
Loaded 6 records from data/fur_anchor_embeddings.pkl
  openbook_7-976        ff_soft=0.0580  condition=sweep_3  epoch=1  anchors=9/9
  openbook_9-520        ff_soft=0.4802  condition=sweep_3  epoch=1  anchors=9/9
  openbook_508          ff_soft=0.7578  condition=sweep_1  epoch=1  anchors=9/9
  openbook_9-655        ff_soft=0.9153  condition=sweep_3  epoch=2  anchors=9/9
  openbook_1955         ff_soft=0.9692  condition=sweep_2  epoch=2  anchors=9/9
  openbook_9-491        ff_soft=0.9953  condition=sweep_1  epoch=1  anchors=9/9

Shared PCA explained variance:  PC1=0.145  PC2=0.133  PC3=0.108  (cumulative=0.385)
Saved: data/geometry_analysis_plots/pca_trajectories.png

Per-trajectory metrics:
                ff_soft condition  epoch  arclength  net_displacement  straightness  mean_step_size  step_size_std  mean_curvature  final_pc1  final_pc2  final_pc3  pc1_range  pc2_range
id                                                                                                                                                                                       
openbook_7-976   0.0580   sweep_3      1  31.790300            2.0976        0.0660          3.9738         0.4577          0.4568    -2.4185    -1.3546     2.8696     3.7671     4.4072
openbook_9-520   0.4802   sweep_3      1  34.173302            2.4105        0.0705          4.2717         0.5848          0.4639    -2.0787    -1.2505     2.9639     4.0278     4.3057
openbook_508     0.7578   sweep_1      1  28.613501            3.0069        0.1051          3.5767         0.5674          0.4670    -2.3198    -1.1454     2.5191     1.7506     4.0221
openbook_9-655   0.9153   sweep_3      2  35.376301            2.4349        0.0688          4.4220         0.4487          0.4133    -0.8891    -1.0530     3.3514     4.4388     4.2937
openbook_1955    0.9692   sweep_2      2  34.140900            2.0644        0.0605          4.2676         0.3088          0.3516    -0.2779    -0.6704     3.4380     4.3379     4.0897
openbook_9-491   0.9953   sweep_1      1  28.554001            2.8505        0.0998          3.5692         0.6570          0.4414    -2.6177    -1.1450     2.3490     1.4683     3.9407

================================================================================
CELL 5 — Null baseline (1000 random anchor pairs)
================================================================================
Anchor pool: 54 vectors of dim 4096
  Random cosine:  mean=0.3664  std=0.1473
  Random delta:   mean=6.8272   std=0.9202
  Cosine 1-sigma: [0.2191,  0.5137]
  Delta  1-sigma: [5.9070,  7.7475]

================================================================================
CELL 6 — TEST 1: reasoning_delta magnitudes and intra-CoT variance
================================================================================
                ff_soft  delta_A  delta_B  delta_C  delta_D  intra_variance  final_delta
question_id                                                                             
openbook_7-976   0.0580   6.7033   6.3175   6.1059   5.9116        0.086240       7.0774
openbook_9-520   0.4802   5.9829   6.0595   5.6685   5.7870        0.024024       7.1408
openbook_508     0.7578   5.9902   5.9746   4.8729   5.1476        0.245724       6.7902
openbook_9-655   0.9153   5.9500   6.1112   6.1791   5.9554        0.009838       7.2736
openbook_1955    0.9692   7.2267   6.7257   6.1950   6.0965        0.204994       6.9777
openbook_9-491   0.9953   6.3147   6.3807   5.2497   5.2288        0.307749       6.7594

  ff_soft vs intra_variance:  r=0.486, p=0.329 (n=6)
  ff_soft vs final_delta:     r=-0.486, p=0.329 (n=6)
  Observed deltas within null band: 18/24

================================================================================
CELL 7 — TEST 2: ff_soft vs reasoning_delta (pilot, step_idx=0)
================================================================================
  ff_soft vs delta_A (TARGET): r=0.143, p=0.787 (n=6)
  ff_soft vs delta_B (ctrl):   r=0.543, p=0.266
  ff_soft vs delta_C (ctrl):   r=0.086, p=0.872
  ff_soft vs delta_D (ctrl):   r=0.086, p=0.872
  -> Answer B shows stronger |r| than A (0.543 vs 0.143).

================================================================================
CELL 8 — TEST 3: Conclusion-probe cosine coupling (pilot)
================================================================================
                ff_soft  cos_A   cos_B  cos_C   cos_D
question_id                                          
openbook_9-491   0.9953  0.335  0.3862  0.345  0.3318
Null cosine band: [0.2191, 0.5137]

================================================================================
PART 3 — Stronger Test 2 + Full Test 3 (30q if available, else pilot)
================================================================================
[30-question] Loaded 92 records from data/fur_anchor_embeddings_30.pkl
Loaded best_conditions for 30 question(s) from data/best_conditions_30.json
Ready. DATA_TAG='30-question'

── PART 3 — STRONGER TEST 2: within-question rank test ──────────────────────
                 salient_step salient_block  salient_ff  delta_A  delta_B  delta_C  delta_D  rank_of_salient
question_id                                                                                                 
openbook_1095               3             D      0.9839   6.6507   6.3152   6.3110   6.5052              2.0
openbook_1161               4         Final      0.9770   7.3928   6.4812   6.2375   5.9957              NaN
openbook_1215               2             C      0.7021   7.2117   6.0574   6.6449   6.8163              3.0
openbook_1334               4         Final      0.5514   6.9315   6.4153   5.7880   5.7134              NaN
openbook_1955               1             B      0.9584   8.2904   7.0009   7.3607   6.7264              3.0
openbook_3                  4         Final      0.9736   6.5797   6.5806   6.4111   6.6255              NaN
openbook_385                4         Final      0.8695   6.3655   6.7302   7.1496   7.3951              NaN
openbook_406                2             C      0.8141   7.1882   7.5644   7.8958   8.0951              2.0
openbook_508                0             A      0.7577   5.9830   5.9864   4.8715   5.1630              2.0
openbook_7-1132             2             C      0.9473   6.4327   6.8740   6.4754   5.7202              2.0
openbook_7-140              4         Final      0.6973   7.1191   7.2861   7.3568   7.1588              NaN
openbook_7-171              4         Final      0.9906   6.4222   6.9315   6.9117   6.4613              NaN
openbook_7-262              4         Final      0.6692   6.6382   6.6248   6.3897   6.1511              NaN
openbook_7-732              4         Final      0.9226   6.3061   6.6339   6.8165   7.0835              NaN
openbook_7-976              4         Final      0.7069   6.7404   7.0400   7.8632   7.4737              NaN
openbook_8-240              4         Final      0.9886   6.0323   7.0661   6.9888   6.8974              NaN
openbook_8-367              4         Final      0.9858   7.4470   6.2091   5.9780   5.9935              NaN
openbook_8-97               2             C      0.8838   6.8360   6.9025   6.2704   6.3190              4.0
openbook_9-187              3             D      0.5382   6.2131   6.6521   6.0141   5.9929              4.0
openbook_9-29               2             C      0.9817   7.0464   6.7611   5.6710   5.3996              3.0
openbook_9-322              1             B      0.9541   7.9161   7.3809   6.8569   6.2542              2.0
openbook_9-35               4         Final      0.9706   6.4721   6.8939   6.5960   6.3642              NaN
openbook_9-491              0             A      0.9869   6.3021   6.3805   5.2415   5.2286              2.0
openbook_9-520              4         Final      0.4801   6.0307   5.9864   5.6981   5.5854              NaN
openbook_9-528              0             A      0.6254   7.1429   6.8177   6.3111   6.1797              1.0
openbook_9-548              4         Final      0.8730   6.4633   6.1730   5.5468   5.0506              NaN
openbook_9-655              0             A      0.8700   5.9616   5.9109   5.3338   5.1661              1.0
openbook_9-727              1             B      0.9802   7.1707   7.8040   7.3568   6.5288              1.0
openbook_9-993              4         Final      0.9984   6.2570   6.7668   6.3982   6.6362              NaN

  n=29  |  Hit rate (rank=1): 10.3%  |  Mean rank: 2.29  (null=2.5)
  Wilcoxon signed-rank test vs null median 2.5: p=0.380

── PART 3 — STRONGER TEST 2: across-question Spearman ───────────────────────
  ff_soft vs salient_delta (TARGET): r=0.007, p=0.982 (n=14)
  ff_soft vs delta_A (ctrl):       r=0.103, p=0.777 (n=10)  <- STRONGER than target
  ff_soft vs delta_B (ctrl):       r=0.036, p=0.915 (n=11)  <- STRONGER than target
  ff_soft vs delta_C (ctrl):       r=0.150, p=0.700 (n=9)  <- STRONGER than target
  ff_soft vs delta_D (ctrl):       r=-0.133, p=0.681 (n=12)  <- STRONGER than target
  -> A non-salient block shows |r| >= salient (0.007 vs max ctrl 0.150).
  Null delta band: [5.91, 7.75]

── PART 3 — FULL TEST 3: Conclusion-probe cosine coupling ───────────────────
Conclusion embedding coverage across 92 records:
  Block A: 9/92  (10%)
  Block B: 9/92  (10%)
  Block C: 9/92  (10%)
  Block D: 9/92  (10%)
9 record(s) have at least one Conclusion embedding.
                step_idx  ff_soft   cos_A   cos_B   cos_C   cos_D
question_id                                                      
openbook_508           4   0.6743  0.3437  0.3922  0.4252  0.3974
openbook_508           2   0.7566  0.3608  0.4017  0.4202  0.4413
openbook_9-727         0   0.8299  0.2487  0.3609  0.4368  0.4121
openbook_9-727         2   0.9223  0.3146  0.3801  0.4265  0.4280
openbook_9-322         0   0.9511  0.3436  0.2896  0.2903  0.2810
openbook_9-322         1   0.9541  0.2996  0.2705  0.2761  0.3377
openbook_9-491         1   0.9784  0.2848  0.3018  0.2952  0.3445
openbook_9-727         1   0.9802  0.3087  0.3662  0.3860  0.3919
openbook_9-491         0   0.9869  0.3353  0.3871  0.3459  0.3367
  Spearman ff_soft vs cos_A: r=-0.383, p=0.308 (n=9)
  Spearman ff_soft vs cos_B: r=-0.383, p=0.308 (n=9)
  Spearman ff_soft vs cos_C: r=-0.567, p=0.112 (n=9)
  Spearman ff_soft vs cos_D: r=-0.650, p=0.058 (n=9)

Null cosine band: [0.2191, 0.5137]
Observed cosines within null band: 36/36

================================================================================
PART 2b — LAYER SWEEP: Test 2 + Test 3 at each layer
================================================================================
Layers present in pkl: [4, 8, 14, 20, 28]

       n_q T2 hit rate T2 mean rank T2 Spearman r T3 mean cosine T3 within null null_delta_band
Layer                                                                                          
L4      14       28.6%         2.43        -0.218         0.4349           0/36     [0.94,1.99]
L8      14       35.7%         2.64         0.275         0.3985          31/36     [2.91,4.52]
L14 *   14       21.4%         2.29         0.007         0.3517          36/36     [6.08,7.98]
L20     14       14.3%         2.36        -0.002         0.3872          32/36   [10.16,13.58]
L28     14       42.9%         2.14        -0.103         0.5139          35/36   [20.16,27.27]

* = primary layer (14) — backward-compat anchor_embeddings key

Strongest hit rate:    L28  (42.9%)
Strongest |Spearman|:  L8  (r=0.275)
  → Hit rate and Spearman disagree — review full table above.

================================================================================
ANALYSIS COMPLETE
Plot saved to: data/geometry_analysis_plots/
================================================================================

Geometry analysis complete.
Sun Mar 22 23:15:42 MDT 2026
